#
# There is insufficient memory for the Java Runtime Environment to continue.
# Native memory allocation (malloc) failed to allocate 1212304 bytes. Error detail: Chunk::new
# Possible reasons:
#   The system is out of physical RAM or swap space
#   This process is running with CompressedOops enabled, and the Java Heap may be blocking the growth of the native heap
# Possible solutions:
#   Reduce memory load on the system
#   Increase physical memory or swap space
#   Check if swap backing store is full
#   Decrease Java heap size (-Xmx/-Xms)
#   Decrease number of Java threads
#   Decrease Java thread stack sizes (-Xss)
#   Set larger code cache with -XX:ReservedCodeCacheSize=
#   JVM is running with Unscaled Compressed Oops mode in which the Java heap is
#     placed in the first 4GB address space. The Java Heap base address is the
#     maximum limit for the native heap growth. Please use -XX:HeapBaseMinAddress
#     to set the Java Heap base and to place the Java Heap above 4GB virtual address.
# This output file may be truncated or incomplete.
#
#  Out of Memory Error (arena.cpp:168), pid=12908, tid=27312
#
# JRE version: OpenJDK Runtime Environment Temurin-21.0.10+7 (21.0.10+7) (build 21.0.10+7-LTS)
# Java VM: OpenJDK 64-Bit Server VM Temurin-21.0.10+7 (21.0.10+7-LTS, mixed mode, sharing, tiered, compressed oops, compressed class ptrs, parallel gc, windows-amd64)
# No core dump will be written. Minidumps are not enabled by default on client versions of Windows
#

---------------  S U M M A R Y ------------

Command Line: --add-modules=ALL-SYSTEM --add-opens=java.base/java.util=ALL-UNNAMED --add-opens=java.base/java.lang=ALL-UNNAMED --add-opens=java.base/sun.nio.fs=ALL-UNNAMED -Declipse.application=org.eclipse.jdt.ls.core.id1 -Dosgi.bundles.defaultStartLevel=4 -Declipse.product=org.eclipse.jdt.ls.core.product -Djava.import.generatesMetadataFilesAtProjectRoot=false -DDetectVMInstallationsJob.disabled=true -Dfile.encoding=utf8 -XX:+UseParallelGC -XX:GCTimeRatio=4 -XX:AdaptiveSizePolicyWeight=90 -Dsun.zip.disableMemoryMapping=true -Xmx2G -Xms100m -Xlog:disable -javaagent:c:\Users\marce\.vscode\extensions\redhat.java-1.54.0-win32-x64\lombok\lombok-1.18.39-4050.jar -XX:+HeapDumpOnOutOfMemoryError -XX:HeapDumpPath=c:\Users\marce\AppData\Roaming\Code\User\workspaceStorage\00e02c7704aa8fe02dec3299a2166fa8\redhat.java -Daether.dependencyCollector.impl=bf c:\Users\marce\.vscode\extensions\redhat.java-1.54.0-win32-x64\server\plugins\org.eclipse.equinox.launcher_1.7.100.v20251111-0406.jar -configuration c:\Users\marce\AppData\Roaming\Code\User\globalStorage\redhat.java\1.54.0\config_win -data c:\Users\marce\AppData\Roaming\Code\User\workspaceStorage\00e02c7704aa8fe02dec3299a2166fa8\redhat.java\jdt_ws --pipe=\\.\pipe\lsp-4ce9376dd074c0a381d3e737f54bc896-sock

Host: 12th Gen Intel(R) Core(TM) i5-12500H, 16 cores, 7G,  Windows 11 , 64 bit Build 26100 (10.0.26100.8328)
Time: Thu May 21 00:40:44 2026 Pacific SA Standard Time elapsed time: 15.769907 seconds (0d 0h 0m 15s)

---------------  T H R E A D  ---------------

Current thread (0x0000013e0e2d22b0):  JavaThread "C2 CompilerThread0" daemon [_thread_in_native, id=27312, stack(0x0000001390a00000,0x0000001390b00000) (1024K)]


Current CompileTask:
C2:15769 9016       4       java.lang.invoke.MethodType::makeImpl (109 bytes)

Stack: [0x0000001390a00000,0x0000001390b00000]
Native frames: (J=compiled Java code, j=interpreted, Vv=VM code, C=native code)
V  [jvm.dll+0x6d7a39]
V  [jvm.dll+0x8b4b26]
V  [jvm.dll+0x8b70de]
V  [jvm.dll+0x8b77c3]
V  [jvm.dll+0x284346]
V  [jvm.dll+0xc66ed]
V  [jvm.dll+0xc6c31]
V  [jvm.dll+0x3bec3b]
V  [jvm.dll+0x1e3d62]
V  [jvm.dll+0x24c6b3]
V  [jvm.dll+0x24bb40]
V  [jvm.dll+0x1cb34e]
V  [jvm.dll+0x25b85d]
V  [jvm.dll+0x259dea]
V  [jvm.dll+0x3f857e]
V  [jvm.dll+0x85f59d]
V  [jvm.dll+0x6d626d]
C  [ucrtbase.dll+0x37b0]
C  [KERNEL32.DLL+0x2e957]
C  [ntdll.dll+0x427c]


---------------  P R O C E S S  ---------------

Threads class SMR info:
_java_thread_list=0x0000013e70497d00, length=67, elements={
0x0000013e0e220990, 0x0000013e24ccddf0, 0x0000013e24cce950, 0x0000013e0e2c9260,
0x0000013e0e2ce170, 0x0000013e0e2d0130, 0x0000013e0e2d4620, 0x0000013e0e2d22b0,
0x0000013e6707a490, 0x0000013e672c5f40, 0x0000013e673d0d30, 0x0000013e6d1c74d0,
0x0000013e6d4c5470, 0x0000013e6d72b590, 0x0000013e6d72c870, 0x0000013e6d201270,
0x0000013e6dda8a00, 0x0000013e6de887c0, 0x0000013e6d7d2a30, 0x0000013e6d7d5190,
0x0000013e6d7d5820, 0x0000013e6d7d30c0, 0x0000013e6d7d23a0, 0x0000013e6d7d4470,
0x0000013e6d7d3750, 0x0000013e6d7d3de0, 0x0000013e6d7d4b00, 0x0000013e6da1f380,
0x0000013e6da20dc0, 0x0000013e6da22e90, 0x0000013e6da22170, 0x0000013e6da1fa10,
0x0000013e6da22800, 0x0000013e6da21ae0, 0x0000013e6da21450, 0x0000013e6da23520,
0x0000013e6da200a0, 0x0000013e6da23bb0, 0x0000013e6da20730, 0x0000013e6da25c80,
0x0000013e6da255f0, 0x0000013e6da24240, 0x0000013e6da248d0, 0x0000013e6da24f60,
0x0000013e6da26310, 0x0000013e6da269a0, 0x0000013e6f802240, 0x0000013e6f8028d0,
0x0000013e6f802f60, 0x0000013e6f8035f0, 0x0000013e6f801520, 0x0000013e6f800170,
0x0000013e6f801bb0, 0x0000013e6f803c80, 0x0000013e6f800e90, 0x0000013e6f800800,
0x0000013e6f804310, 0x0000013e6f807100, 0x0000013e6f805d50, 0x0000013e6f807790,
0x0000013e6f8049a0, 0x0000013e67079dc0, 0x0000013e67077bb0, 0x0000013e715a46d0,
0x0000013e715a8420, 0x0000013e715a5470, 0x0000013e715a4da0
}

Java Threads: ( => current thread )
  0x0000013e0e220990 JavaThread "main"                              [_thread_blocked, id=31608, stack(0x0000001390000000,0x0000001390100000) (1024K)]
  0x0000013e24ccddf0 JavaThread "Reference Handler"          daemon [_thread_blocked, id=36412, stack(0x0000001390400000,0x0000001390500000) (1024K)]
  0x0000013e24cce950 JavaThread "Finalizer"                  daemon [_thread_blocked, id=23308, stack(0x0000001390500000,0x0000001390600000) (1024K)]
  0x0000013e0e2c9260 JavaThread "Signal Dispatcher"          daemon [_thread_blocked, id=27080, stack(0x0000001390600000,0x0000001390700000) (1024K)]
  0x0000013e0e2ce170 JavaThread "Attach Listener"            daemon [_thread_blocked, id=1572, stack(0x0000001390700000,0x0000001390800000) (1024K)]
  0x0000013e0e2d0130 JavaThread "Service Thread"             daemon [_thread_blocked, id=34060, stack(0x0000001390800000,0x0000001390900000) (1024K)]
  0x0000013e0e2d4620 JavaThread "Monitor Deflation Thread"   daemon [_thread_blocked, id=32012, stack(0x0000001390900000,0x0000001390a00000) (1024K)]
=>0x0000013e0e2d22b0 JavaThread "C2 CompilerThread0"         daemon [_thread_in_native, id=27312, stack(0x0000001390a00000,0x0000001390b00000) (1024K)]
  0x0000013e6707a490 JavaThread "C1 CompilerThread0"         daemon [_thread_blocked, id=22864, stack(0x0000001390b00000,0x0000001390c00000) (1024K)]
  0x0000013e672c5f40 JavaThread "Common-Cleaner"             daemon [_thread_blocked, id=33636, stack(0x0000001390d00000,0x0000001390e00000) (1024K)]
  0x0000013e673d0d30 JavaThread "Notification Thread"        daemon [_thread_blocked, id=472, stack(0x0000001390e00000,0x0000001390f00000) (1024K)]
  0x0000013e6d1c74d0 JavaThread "Active Thread: Equinox Container: 6809106b-9630-4a28-a7e2-5b79a2005a2c"        [_thread_blocked, id=31784, stack(0x0000001391500000,0x0000001391600000) (1024K)]
  0x0000013e6d4c5470 JavaThread "Refresh Thread: Equinox Container: 6809106b-9630-4a28-a7e2-5b79a2005a2c" daemon [_thread_blocked, id=10348, stack(0x0000001391700000,0x0000001391800000) (1024K)]
  0x0000013e6d72b590 JavaThread "Framework Event Dispatcher: Equinox Container: 6809106b-9630-4a28-a7e2-5b79a2005a2c" daemon [_thread_blocked, id=6284, stack(0x0000001391800000,0x0000001391900000) (1024K)]
  0x0000013e6d72c870 JavaThread "Start Level: Equinox Container: 6809106b-9630-4a28-a7e2-5b79a2005a2c" daemon [_thread_blocked, id=7892, stack(0x0000001391900000,0x0000001391a00000) (1024K)]
  0x0000013e6d201270 JavaThread "Bundle File Closer"         daemon [_thread_blocked, id=30684, stack(0x0000001391d00000,0x0000001391e00000) (1024K)]
  0x0000013e6dda8a00 JavaThread "SCR Component Actor"        daemon [_thread_blocked, id=5520, stack(0x0000001391e00000,0x0000001391f00000) (1024K)]
  0x0000013e6de887c0 JavaThread "Worker-JM"                         [_thread_blocked, id=11092, stack(0x0000001391f00000,0x0000001392000000) (1024K)]
  0x0000013e6d7d2a30 JavaThread "JNA Cleaner"                daemon [_thread_blocked, id=26232, stack(0x0000001392200000,0x0000001392300000) (1024K)]
  0x0000013e6d7d5190 JavaThread "Worker-0"                          [_thread_blocked, id=24648, stack(0x0000001392300000,0x0000001392400000) (1024K)]
  0x0000013e6d7d5820 JavaThread "Worker-1"                          [_thread_blocked, id=26760, stack(0x0000001392400000,0x0000001392500000) (1024K)]
  0x0000013e6d7d30c0 JavaThread "Java indexing"              daemon [_thread_blocked, id=36708, stack(0x0000001392500000,0x0000001392600000) (1024K)]
  0x0000013e6d7d23a0 JavaThread "Worker-2: Initialize workspace"        [_thread_in_Java, id=16864, stack(0x0000001392900000,0x0000001392a00000) (1024K)]
  0x0000013e6d7d4470 JavaThread "Worker-3: Initialize Workspace"        [_thread_blocked, id=20624, stack(0x0000001392a00000,0x0000001392b00000) (1024K)]
  0x0000013e6d7d3750 JavaThread "Worker-4: Publish Diagnostics"        [_thread_in_Java, id=11192, stack(0x0000001392b00000,0x0000001392c00000) (1024K)]
  0x0000013e6d7d3de0 JavaThread "Thread-1"                   daemon [_thread_in_native, id=22868, stack(0x0000001392c00000,0x0000001392d00000) (1024K)]
  0x0000013e6d7d4b00 JavaThread "Thread-2"                   daemon [_thread_in_native, id=34976, stack(0x0000001392d00000,0x0000001392e00000) (1024K)]
  0x0000013e6da1f380 JavaThread "Thread-3"                   daemon [_thread_in_native, id=3700, stack(0x0000001392e00000,0x0000001392f00000) (1024K)]
  0x0000013e6da20dc0 JavaThread "Thread-4"                   daemon [_thread_in_native, id=31884, stack(0x0000001392f00000,0x0000001393000000) (1024K)]
  0x0000013e6da22e90 JavaThread "Thread-5"                   daemon [_thread_in_native, id=35728, stack(0x0000001393000000,0x0000001393100000) (1024K)]
  0x0000013e6da22170 JavaThread "Thread-6"                   daemon [_thread_in_native, id=27012, stack(0x0000001393100000,0x0000001393200000) (1024K)]
  0x0000013e6da1fa10 JavaThread "Thread-7"                   daemon [_thread_in_native, id=29232, stack(0x0000001393200000,0x0000001393300000) (1024K)]
  0x0000013e6da22800 JavaThread "Thread-8"                   daemon [_thread_in_native, id=29700, stack(0x0000001393300000,0x0000001393400000) (1024K)]
  0x0000013e6da21ae0 JavaThread "Thread-9"                   daemon [_thread_in_native, id=26944, stack(0x0000001393400000,0x0000001393500000) (1024K)]
  0x0000013e6da21450 JavaThread "Thread-10"                  daemon [_thread_in_native, id=23732, stack(0x0000001393500000,0x0000001393600000) (1024K)]
  0x0000013e6da23520 JavaThread "Thread-11"                  daemon [_thread_in_native, id=16672, stack(0x0000001393600000,0x0000001393700000) (1024K)]
  0x0000013e6da200a0 JavaThread "Thread-12"                  daemon [_thread_in_native, id=13168, stack(0x0000001393700000,0x0000001393800000) (1024K)]
  0x0000013e6da23bb0 JavaThread "Thread-13"                  daemon [_thread_in_native, id=3272, stack(0x0000001393800000,0x0000001393900000) (1024K)]
  0x0000013e6da20730 JavaThread "Thread-14"                  daemon [_thread_in_native, id=17332, stack(0x0000001393900000,0x0000001393a00000) (1024K)]
  0x0000013e6da25c80 JavaThread "Thread-15"                  daemon [_thread_in_native, id=1912, stack(0x0000001393a00000,0x0000001393b00000) (1024K)]
  0x0000013e6da255f0 JavaThread "Thread-16"                  daemon [_thread_in_native, id=34216, stack(0x0000001393b00000,0x0000001393c00000) (1024K)]
  0x0000013e6da24240 JavaThread "Thread-17"                  daemon [_thread_in_native, id=27976, stack(0x0000001393c00000,0x0000001393d00000) (1024K)]
  0x0000013e6da248d0 JavaThread "pool-2-thread-1"                   [_thread_blocked, id=10000, stack(0x0000001393d00000,0x0000001393e00000) (1024K)]
  0x0000013e6da24f60 JavaThread "WorkspaceEventsHandler"            [_thread_blocked, id=26356, stack(0x0000001393e00000,0x0000001393f00000) (1024K)]
  0x0000013e6da26310 JavaThread "pool-1-thread-1"                   [_thread_blocked, id=30392, stack(0x0000001393f00000,0x0000001394000000) (1024K)]
  0x0000013e6da269a0 JavaThread "Keep-Alive-Timer"           daemon [_thread_blocked, id=35332, stack(0x0000001394100000,0x0000001394200000) (1024K)]
  0x0000013e6f802240 JavaThread "ForkJoinPool.commonPool-worker-1" daemon [_thread_blocked, id=36620, stack(0x0000001394200000,0x0000001394300000) (1024K)]
  0x0000013e6f8028d0 JavaThread "ForkJoinPool.commonPool-worker-2" daemon [_thread_in_native, id=24300, stack(0x0000001394300000,0x0000001394400000) (1024K)]
  0x0000013e6f802f60 JavaThread "ForkJoinPool.commonPool-worker-3" daemon [_thread_blocked, id=14056, stack(0x0000001394400000,0x0000001394500000) (1024K)]
  0x0000013e6f8035f0 JavaThread "ForkJoinPool.commonPool-worker-4" daemon [_thread_in_vm, id=34796, stack(0x0000001394500000,0x0000001394600000) (1024K)]
  0x0000013e6f801520 JavaThread "ForkJoinPool.commonPool-worker-5" daemon [_thread_blocked, id=8928, stack(0x0000001394600000,0x0000001394700000) (1024K)]
  0x0000013e6f800170 JavaThread "ForkJoinPool.commonPool-worker-6" daemon [_thread_in_Java, id=16904, stack(0x0000001394700000,0x0000001394800000) (1024K)]
  0x0000013e6f801bb0 JavaThread "ForkJoinPool.commonPool-worker-7" daemon [_thread_blocked, id=13868, stack(0x0000001394800000,0x0000001394900000) (1024K)]
  0x0000013e6f803c80 JavaThread "ForkJoinPool.commonPool-worker-8" daemon [_thread_blocked, id=29228, stack(0x0000001394900000,0x0000001394a00000) (1024K)]
  0x0000013e6f800e90 JavaThread "ForkJoinPool.commonPool-worker-9" daemon [_thread_blocked, id=9336, stack(0x0000001394a00000,0x0000001394b00000) (1024K)]
  0x0000013e6f800800 JavaThread "ForkJoinPool.commonPool-worker-10" daemon [_thread_blocked, id=30208, stack(0x0000001394b00000,0x0000001394c00000) (1024K)]
  0x0000013e6f804310 JavaThread "ForkJoinPool.commonPool-worker-11" daemon [_thread_blocked, id=18288, stack(0x0000001394c00000,0x0000001394d00000) (1024K)]
  0x0000013e6f807100 JavaThread "ForkJoinPool.commonPool-worker-12" daemon [_thread_blocked, id=11048, stack(0x0000001394d00000,0x0000001394e00000) (1024K)]
  0x0000013e6f805d50 JavaThread "ForkJoinPool.commonPool-worker-13" daemon [_thread_blocked, id=22624, stack(0x0000001394e00000,0x0000001394f00000) (1024K)]
  0x0000013e6f807790 JavaThread "ForkJoinPool.commonPool-worker-14" daemon [_thread_blocked, id=30124, stack(0x0000001394f00000,0x0000001395000000) (1024K)]
  0x0000013e6f8049a0 JavaThread "ForkJoinPool.commonPool-worker-15" daemon [_thread_blocked, id=11424, stack(0x0000001395000000,0x0000001395100000) (1024K)]
  0x0000013e67079dc0 JavaThread "C2 CompilerThread1"         daemon [_thread_in_native, id=16812, stack(0x0000001395100000,0x0000001395200000) (1024K)]
  0x0000013e67077bb0 JavaThread "C2 CompilerThread2"         daemon [_thread_in_native, id=12088, stack(0x0000001395400000,0x0000001395500000) (1024K)]
  0x0000013e715a46d0 JavaThread "C2 CompilerThread3"         daemon [_thread_in_native, id=21796, stack(0x0000001395500000,0x0000001395600000) (1024K)]
  0x0000013e715a8420 JavaThread "C1 CompilerThread1"         daemon [_thread_blocked, id=27428, stack(0x0000001390c00000,0x0000001390d00000) (1024K)]
  0x0000013e715a5470 JavaThread "C1 CompilerThread2"         daemon [_thread_blocked, id=25156, stack(0x0000001395200000,0x0000001395300000) (1024K)]
  0x0000013e715a4da0 JavaThread "C1 CompilerThread3"         daemon [_thread_blocked, id=10344, stack(0x0000001395300000,0x0000001395400000) (1024K)]
Total: 67

Other Threads:
  0x0000013e24cb4140 VMThread "VM Thread"                           [id=10768, stack(0x0000001390300000,0x0000001390400000) (1024K)]
  0x0000013e24baca10 WatcherThread "VM Periodic Task Thread"        [id=36400, stack(0x0000001390200000,0x0000001390300000) (1024K)]
  0x0000013e0e23ed10 WorkerThread "GC Thread#0"                     [id=26600, stack(0x0000001390100000,0x0000001390200000) (1024K)]
  0x0000013e6d08c640 WorkerThread "GC Thread#1"                     [id=4748, stack(0x0000001390f00000,0x0000001391000000) (1024K)]
  0x0000013e6d08c9f0 WorkerThread "GC Thread#2"                     [id=23228, stack(0x0000001391000000,0x0000001391100000) (1024K)]
  0x0000013e6d229000 WorkerThread "GC Thread#3"                     [id=22364, stack(0x0000001391100000,0x0000001391200000) (1024K)]
  0x0000013e6d2293b0 WorkerThread "GC Thread#4"                     [id=34032, stack(0x0000001391200000,0x0000001391300000) (1024K)]
  0x0000013e6d4e4450 WorkerThread "GC Thread#5"                     [id=10556, stack(0x0000001391300000,0x0000001391400000) (1024K)]
  0x0000013e6d4e4800 WorkerThread "GC Thread#6"                     [id=34052, stack(0x0000001391400000,0x0000001391500000) (1024K)]
  0x0000013e6d48e670 WorkerThread "GC Thread#7"                     [id=13504, stack(0x0000001391600000,0x0000001391700000) (1024K)]
  0x0000013e6dc19570 WorkerThread "GC Thread#8"                     [id=21496, stack(0x0000001391a00000,0x0000001391b00000) (1024K)]
  0x0000013e6d97de00 WorkerThread "GC Thread#9"                     [id=32480, stack(0x0000001391b00000,0x0000001391c00000) (1024K)]
  0x0000013e6d97e1b0 WorkerThread "GC Thread#10"                    [id=18628, stack(0x0000001391c00000,0x0000001391d00000) (1024K)]
  0x0000013e6dcdc040 WorkerThread "GC Thread#11"                    [id=22608, stack(0x0000001392000000,0x0000001392100000) (1024K)]
  0x0000013e6dcdd660 WorkerThread "GC Thread#12"                    [id=6968, stack(0x0000001392100000,0x0000001392200000) (1024K)]
Total: 15

Threads with active compile tasks:
C2 CompilerThread0  15799 9016       4       java.lang.invoke.MethodType::makeImpl (109 bytes)
C2 CompilerThread1  15799 9345   !   4       org.eclipse.osgi.internal.loader.classpath.ClasspathManager::defineClass (636 bytes)
C2 CompilerThread2  15799 9072       4       java.lang.reflect.Field::get (39 bytes)
C2 CompilerThread3  15799 9269   !   4       org.eclipse.jdt.internal.core.util.DeduplicationUtil::intern (149 bytes)
Total: 4

VM state: not at safepoint (normal execution)

VM Mutex/Monitor currently owned by a thread: None

Heap address: 0x0000000080000000, size: 2048 MB, Compressed Oops mode: 32-bit

CDS archive(s) mapped at: [0x0000013e25000000-0x0000013e25ba0000-0x0000013e25ba0000), size 12189696, SharedBaseAddress: 0x0000013e25000000, ArchiveRelocationMode: 1.
Compressed class space mapped at: 0x0000013e26000000-0x0000013e66000000, reserved size: 1073741824
Narrow klass base: 0x0000013e25000000, Narrow klass shift: 0, Narrow klass range: 0x100000000

GC Precious Log:
 CardTable entry size: 512
 CPUs: 16 total, 16 available
 Memory: 7811M
 Large Page Support: Disabled
 NUMA Support: Disabled
 Compressed Oops: Enabled (32-bit)
 Alignments: Space 512K, Generation 512K, Heap 2M
 Heap Min Capacity: 100M
 Heap Initial Capacity: 100M
 Heap Max Capacity: 2G
 Pre-touch: Disabled
 Parallel Workers: 13

Heap:
 PSYoungGen      total 21504K, used 20076K [0x00000000d5580000, 0x00000000d6d00000, 0x0000000100000000)
  eden space 18944K, 94% used [0x00000000d5580000,0x00000000d670d2c8,0x00000000d6800000)
  from space 2560K, 82% used [0x00000000d6a80000,0x00000000d6c8dda8,0x00000000d6d00000)
  to   space 2560K, 0% used [0x00000000d6800000,0x00000000d6800000,0x00000000d6a80000)
 ParOldGen       total 68608K, used 52202K [0x0000000080000000, 0x0000000084300000, 0x00000000d5580000)
  object space 68608K, 76% used [0x0000000080000000,0x00000000832fa8d8,0x0000000084300000)
 Metaspace       used 63412K, committed 64896K, reserved 1114112K
  class space    used 6906K, committed 7552K, reserved 1048576K

Card table byte_map: [0x0000013e0dbc0000,0x0000013e0dfd0000] _byte_map_base: 0x0000013e0d7c0000

Marking Bits: (ParMarkBitMap*) 0x00007ffd9cd33450
 Begin Bits: [0x0000013e206d0000, 0x0000013e226d0000)
 End Bits:   [0x0000013e226d0000, 0x0000013e246d0000)

Polling page: 0x0000013e0c2d0000

Metaspace:

Usage:
  Non-class:     55.18 MB used.
      Class:      6.74 MB used.
       Both:     61.93 MB used.

Virtual space:
  Non-class space:       64.00 MB reserved,      56.00 MB ( 88%) committed,  1 nodes.
      Class space:        1.00 GB reserved,       7.38 MB ( <1%) committed,  1 nodes.
             Both:        1.06 GB reserved,      63.38 MB (  6%) committed. 

Chunk freelists:
   Non-Class:  7.17 MB
       Class:  8.48 MB
        Both:  15.65 MB

MaxMetaspaceSize: unlimited
CompressedClassSpaceSize: 1.00 GB
Initial GC threshold: 21.00 MB
Current GC threshold: 97.31 MB
CDS: on
 - commit_granule_bytes: 65536.
 - commit_granule_words: 8192.
 - virtual_space_node_default_size: 8388608.
 - enlarge_chunks_in_place: 1.
 - use_allocation_guard: 0.


Internal statistics:

num_allocs_failed_limit: 11.
num_arena_births: 1182.
num_arena_deaths: 14.
num_vsnodes_births: 2.
num_vsnodes_deaths: 0.
num_space_committed: 1014.
num_space_uncommitted: 0.
num_chunks_returned_to_freelist: 25.
num_chunks_taken_from_freelist: 3995.
num_chunk_merges: 14.
num_chunk_splits: 2435.
num_chunks_enlarged: 1354.
num_inconsistent_stats: 0.

CodeHeap 'non-profiled nmethods': size=119168Kb used=4794Kb max_used=4794Kb free=114373Kb
 bounds [0x0000013e18fc0000, 0x0000013e19470000, 0x0000013e20420000]
CodeHeap 'profiled nmethods': size=119104Kb used=18781Kb max_used=18781Kb free=100322Kb
 bounds [0x0000013e11420000, 0x0000013e12680000, 0x0000013e18870000]
CodeHeap 'non-nmethods': size=7488Kb used=3148Kb max_used=3179Kb free=4339Kb
 bounds [0x0000013e18870000, 0x0000013e18b90000, 0x0000013e18fc0000]
CodeCache: size=245760Kb, used=26723Kb, max_used=26754Kb, free=219034Kb
 total_blobs=9462, nmethods=8686, adapters=679, full_count=0
Compilation: enabled, stopped_count=0, restarted_count=0

Compilation events (20 events):
Event: 14.757 Thread 0x0000013e6707a490 nmethod 9376 0x0000013e12656210 code [0x0000013e12656400, 0x0000013e12656860]
Event: 14.758 Thread 0x0000013e715a8420 9378       1       org.eclipse.jdt.internal.compiler.classfmt.MethodInfo::sizeInBytes (5 bytes)
Event: 14.759 Thread 0x0000013e715a8420 nmethod 9378 0x0000013e1946b010 code [0x0000013e1946b1a0, 0x0000013e1946b268]
Event: 14.760 Thread 0x0000013e6707a490 9380       3       java.util.ArrayList::sort (45 bytes)
Event: 14.760 Thread 0x0000013e6707a490 nmethod 9380 0x0000013e12656a90 code [0x0000013e12656c60, 0x0000013e12656ee0]
Event: 14.761 Thread 0x0000013e715a8420 9381       3       java.text.Format::<init> (5 bytes)
Event: 14.761 Thread 0x0000013e6707a490 9382   !   3       java.text.MessageFormat::makeFormat (696 bytes)
Event: 14.761 Thread 0x0000013e715a8420 nmethod 9381 0x0000013e12657010 code [0x0000013e126571c0, 0x0000013e12657328]
Event: 14.761 Thread 0x0000013e67079dc0 nmethod 9335 0x0000013e1946b310 code [0x0000013e1946b4c0, 0x0000013e1946b7e0]
Event: 14.762 Thread 0x0000013e67079dc0 9321       4       java.util.ArrayList::hashCode (22 bytes)
Event: 14.763 Thread 0x0000013e6707a490 nmethod 9382 0x0000013e12657410 code [0x0000013e12657a80, 0x0000013e1265ae70]
Event: 14.764 Thread 0x0000013e6707a490 9383       3       java.text.FieldPosition::<init> (25 bytes)
Event: 14.764 Thread 0x0000013e715a8420 9384       3       org.eclipse.core.runtime.Status::interpolateMessage (41 bytes)
Event: 14.764 Thread 0x0000013e6707a490 nmethod 9383 0x0000013e1265c590 code [0x0000013e1265c740, 0x0000013e1265c8c0]
Event: 14.764 Thread 0x0000013e715a8420 nmethod 9384 0x0000013e1265c990 code [0x0000013e1265cb80, 0x0000013e1265d120]
Event: 14.766 Thread 0x0000013e715a8420 9386       3       java.text.MessageFormat::subformat (542 bytes)
Event: 14.766 Thread 0x0000013e6707a490 9385       3       java.text.MessageFormat::format (12 bytes)
Event: 14.766 Thread 0x0000013e6707a490 nmethod 9385 0x0000013e1265d390 code [0x0000013e1265d540, 0x0000013e1265d778]
Event: 14.766 Thread 0x0000013e67079dc0 nmethod 9321 0x0000013e1946ba90 code [0x0000013e1946bc40, 0x0000013e1946bf70]
Event: 14.766 Thread 0x0000013e67079dc0 9345   !   4       org.eclipse.osgi.internal.loader.classpath.ClasspathManager::defineClass (636 bytes)

GC Heap History (20 events):
Event: 11.065 GC heap before
{Heap before GC invocations=30 (full 2):
 PSYoungGen      total 20992K, used 20772K [0x00000000d5580000, 0x00000000d7000000, 0x0000000100000000)
  eden space 18944K, 100% used [0x00000000d5580000,0x00000000d6800000,0x00000000d6800000)
  from space 2048K, 89% used [0x00000000d6d00000,0x00000000d6ec9000,0x00000000d6f00000)
  to   space 1024K, 0% used [0x00000000d6f00000,0x00000000d6f00000,0x00000000d7000000)
 ParOldGen       total 68608K, used 48099K [0x0000000080000000, 0x0000000084300000, 0x00000000d5580000)
  object space 68608K, 70% used [0x0000000080000000,0x0000000082ef8d78,0x0000000084300000)
 Metaspace       used 54087K, committed 55424K, reserved 1114112K
  class space    used 5936K, committed 6528K, reserved 1048576K
}
Event: 11.068 GC heap after
{Heap after GC invocations=30 (full 2):
 PSYoungGen      total 19968K, used 1024K [0x00000000d5580000, 0x00000000d7000000, 0x0000000100000000)
  eden space 18944K, 0% used [0x00000000d5580000,0x00000000d5580000,0x00000000d6800000)
  from space 1024K, 100% used [0x00000000d6f00000,0x00000000d7000000,0x00000000d7000000)
  to   space 3584K, 0% used [0x00000000d6900000,0x00000000d6900000,0x00000000d6c80000)
 ParOldGen       total 68608K, used 50347K [0x0000000080000000, 0x0000000084300000, 0x00000000d5580000)
  object space 68608K, 73% used [0x0000000080000000,0x000000008312ae78,0x0000000084300000)
 Metaspace       used 54087K, committed 55424K, reserved 1114112K
  class space    used 5936K, committed 6528K, reserved 1048576K
}
Event: 11.203 GC heap before
{Heap before GC invocations=31 (full 2):
 PSYoungGen      total 19968K, used 19968K [0x00000000d5580000, 0x00000000d7000000, 0x0000000100000000)
  eden space 18944K, 100% used [0x00000000d5580000,0x00000000d6800000,0x00000000d6800000)
  from space 1024K, 100% used [0x00000000d6f00000,0x00000000d7000000,0x00000000d7000000)
  to   space 3584K, 0% used [0x00000000d6900000,0x00000000d6900000,0x00000000d6c80000)
 ParOldGen       total 68608K, used 50347K [0x0000000080000000, 0x0000000084300000, 0x00000000d5580000)
  object space 68608K, 73% used [0x0000000080000000,0x000000008312ae78,0x0000000084300000)
 Metaspace       used 54118K, committed 55552K, reserved 1114112K
  class space    used 5936K, committed 6592K, reserved 1048576K
}
Event: 11.208 GC heap after
{Heap after GC invocations=31 (full 2):
 PSYoungGen      total 22528K, used 1984K [0x00000000d5580000, 0x00000000d6f80000, 0x0000000100000000)
  eden space 18944K, 0% used [0x00000000d5580000,0x00000000d5580000,0x00000000d6800000)
  from space 3584K, 55% used [0x00000000d6900000,0x00000000d6af0010,0x00000000d6c80000)
  to   space 2560K, 0% used [0x00000000d6d00000,0x00000000d6d00000,0x00000000d6f80000)
 ParOldGen       total 68608K, used 51427K [0x0000000080000000, 0x0000000084300000, 0x00000000d5580000)
  object space 68608K, 74% used [0x0000000080000000,0x0000000083238e78,0x0000000084300000)
 Metaspace       used 54118K, committed 55552K, reserved 1114112K
  class space    used 5936K, committed 6592K, reserved 1048576K
}
Event: 11.609 GC heap before
{Heap before GC invocations=32 (full 2):
 PSYoungGen      total 22528K, used 20928K [0x00000000d5580000, 0x00000000d6f80000, 0x0000000100000000)
  eden space 18944K, 100% used [0x00000000d5580000,0x00000000d6800000,0x00000000d6800000)
  from space 3584K, 55% used [0x00000000d6900000,0x00000000d6af0010,0x00000000d6c80000)
  to   space 2560K, 0% used [0x00000000d6d00000,0x00000000d6d00000,0x00000000d6f80000)
 ParOldGen       total 68608K, used 51427K [0x0000000080000000, 0x0000000084300000, 0x00000000d5580000)
  object space 68608K, 74% used [0x0000000080000000,0x0000000083238e78,0x0000000084300000)
 Metaspace       used 54130K, committed 55552K, reserved 1114112K
  class space    used 5937K, committed 6592K, reserved 1048576K
}
Event: 11.616 GC heap after
{Heap after GC invocations=32 (full 2):
 PSYoungGen      total 20992K, used 1880K [0x00000000d5580000, 0x00000000d6f00000, 0x0000000100000000)
  eden space 18944K, 0% used [0x00000000d5580000,0x00000000d5580000,0x00000000d6800000)
  from space 2048K, 91% used [0x00000000d6d00000,0x00000000d6ed6200,0x00000000d6f00000)
  to   space 2048K, 0% used [0x00000000d6b00000,0x00000000d6b00000,0x00000000d6d00000)
 ParOldGen       total 68608K, used 53219K [0x0000000080000000, 0x0000000084300000, 0x00000000d5580000)
  object space 68608K, 77% used [0x0000000080000000,0x00000000833f8e88,0x0000000084300000)
 Metaspace       used 54130K, committed 55552K, reserved 1114112K
  class space    used 5937K, committed 6592K, reserved 1048576K
}
Event: 12.119 GC heap before
{Heap before GC invocations=33 (full 2):
 PSYoungGen      total 20992K, used 20824K [0x00000000d5580000, 0x00000000d6f00000, 0x0000000100000000)
  eden space 18944K, 100% used [0x00000000d5580000,0x00000000d6800000,0x00000000d6800000)
  from space 2048K, 91% used [0x00000000d6d00000,0x00000000d6ed6200,0x00000000d6f00000)
  to   space 2048K, 0% used [0x00000000d6b00000,0x00000000d6b00000,0x00000000d6d00000)
 ParOldGen       total 68608K, used 53219K [0x0000000080000000, 0x0000000084300000, 0x00000000d5580000)
  object space 68608K, 77% used [0x0000000080000000,0x00000000833f8e88,0x0000000084300000)
 Metaspace       used 55995K, committed 57408K, reserved 1114112K
  class space    used 6185K, committed 6784K, reserved 1048576K
}
Event: 12.122 GC heap after
{Heap after GC invocations=33 (full 2):
 PSYoungGen      total 19968K, used 975K [0x00000000d5580000, 0x00000000d6d80000, 0x0000000100000000)
  eden space 18944K, 0% used [0x00000000d5580000,0x00000000d5580000,0x00000000d6800000)
  from space 1024K, 95% used [0x00000000d6b00000,0x00000000d6bf3df0,0x00000000d6c00000)
  to   space 1536K, 0% used [0x00000000d6c00000,0x00000000d6c00000,0x00000000d6d80000)
 ParOldGen       total 68608K, used 54800K [0x0000000080000000, 0x0000000084300000, 0x00000000d5580000)
  object space 68608K, 79% used [0x0000000080000000,0x00000000835843e0,0x0000000084300000)
 Metaspace       used 55995K, committed 57408K, reserved 1114112K
  class space    used 6185K, committed 6784K, reserved 1048576K
}
Event: 12.438 GC heap before
{Heap before GC invocations=34 (full 2):
 PSYoungGen      total 19968K, used 19919K [0x00000000d5580000, 0x00000000d6d80000, 0x0000000100000000)
  eden space 18944K, 100% used [0x00000000d5580000,0x00000000d6800000,0x00000000d6800000)
  from space 1024K, 95% used [0x00000000d6b00000,0x00000000d6bf3df0,0x00000000d6c00000)
  to   space 1536K, 0% used [0x00000000d6c00000,0x00000000d6c00000,0x00000000d6d80000)
 ParOldGen       total 68608K, used 54800K [0x0000000080000000, 0x0000000084300000, 0x00000000d5580000)
  object space 68608K, 79% used [0x0000000080000000,0x00000000835843e0,0x0000000084300000)
 Metaspace       used 56826K, committed 58240K, reserved 1114112K
  class space    used 6286K, committed 6912K, reserved 1048576K
}
Event: 12.439 GC heap after
{Heap after GC invocations=34 (full 2):
 PSYoungGen      total 19456K, used 480K [0x00000000d5580000, 0x00000000d6c80000, 0x0000000100000000)
  eden space 18944K, 0% used [0x00000000d5580000,0x00000000d5580000,0x00000000d6800000)
  from space 512K, 93% used [0x00000000d6c00000,0x00000000d6c78000,0x00000000d6c80000)
  to   space 1024K, 0% used [0x00000000d6a80000,0x00000000d6a80000,0x00000000d6b80000)
 ParOldGen       total 68608K, used 55543K [0x0000000080000000, 0x0000000084300000, 0x00000000d5580000)
  object space 68608K, 80% used [0x0000000080000000,0x000000008363dde8,0x0000000084300000)
 Metaspace       used 56826K, committed 58240K, reserved 1114112K
  class space    used 6286K, committed 6912K, reserved 1048576K
}
Event: 12.648 GC heap before
{Heap before GC invocations=35 (full 2):
 PSYoungGen      total 19456K, used 14824K [0x00000000d5580000, 0x00000000d6c80000, 0x0000000100000000)
  eden space 18944K, 75% used [0x00000000d5580000,0x00000000d6382360,0x00000000d6800000)
  from space 512K, 93% used [0x00000000d6c00000,0x00000000d6c78000,0x00000000d6c80000)
  to   space 1024K, 0% used [0x00000000d6a80000,0x00000000d6a80000,0x00000000d6b80000)
 ParOldGen       total 68608K, used 55543K [0x0000000080000000, 0x0000000084300000, 0x00000000d5580000)
  object space 68608K, 80% used [0x0000000080000000,0x000000008363dde8,0x0000000084300000)
 Metaspace       used 58444K, committed 59776K, reserved 1114112K
  class space    used 6445K, committed 7040K, reserved 1048576K
}
Event: 12.649 GC heap after
{Heap after GC invocations=35 (full 2):
 PSYoungGen      total 19968K, used 544K [0x00000000d5580000, 0x00000000d6c80000, 0x0000000100000000)
  eden space 18944K, 0% used [0x00000000d5580000,0x00000000d5580000,0x00000000d6800000)
  from space 1024K, 53% used [0x00000000d6a80000,0x00000000d6b08000,0x00000000d6b80000)
  to   space 1024K, 0% used [0x00000000d6b80000,0x00000000d6b80000,0x00000000d6c80000)
 ParOldGen       total 68608K, used 55823K [0x0000000080000000, 0x0000000084300000, 0x00000000d5580000)
  object space 68608K, 81% used [0x0000000080000000,0x0000000083683de8,0x0000000084300000)
 Metaspace       used 58444K, committed 59776K, reserved 1114112K
  class space    used 6445K, committed 7040K, reserved 1048576K
}
Event: 12.649 GC heap before
{Heap before GC invocations=36 (full 3):
 PSYoungGen      total 19968K, used 544K [0x00000000d5580000, 0x00000000d6c80000, 0x0000000100000000)
  eden space 18944K, 0% used [0x00000000d5580000,0x00000000d5580000,0x00000000d6800000)
  from space 1024K, 53% used [0x00000000d6a80000,0x00000000d6b08000,0x00000000d6b80000)
  to   space 1024K, 0% used [0x00000000d6b80000,0x00000000d6b80000,0x00000000d6c80000)
 ParOldGen       total 68608K, used 55823K [0x0000000080000000, 0x0000000084300000, 0x00000000d5580000)
  object space 68608K, 81% used [0x0000000080000000,0x0000000083683de8,0x0000000084300000)
 Metaspace       used 58444K, committed 59776K, reserved 1114112K
  class space    used 6445K, committed 7040K, reserved 1048576K
}
Event: 12.702 GC heap after
{Heap after GC invocations=36 (full 3):
 PSYoungGen      total 19968K, used 0K [0x00000000d5580000, 0x00000000d6c80000, 0x0000000100000000)
  eden space 18944K, 0% used [0x00000000d5580000,0x00000000d5580000,0x00000000d6800000)
  from space 1024K, 0% used [0x00000000d6a80000,0x00000000d6a80000,0x00000000d6b80000)
  to   space 1024K, 0% used [0x00000000d6b80000,0x00000000d6b80000,0x00000000d6c80000)
 ParOldGen       total 68608K, used 48272K [0x0000000080000000, 0x0000000084300000, 0x00000000d5580000)
  object space 68608K, 70% used [0x0000000080000000,0x0000000082f24268,0x0000000084300000)
 Metaspace       used 58444K, committed 59776K, reserved 1114112K
  class space    used 6445K, committed 7040K, reserved 1048576K
}
Event: 13.048 GC heap before
{Heap before GC invocations=37 (full 3):
 PSYoungGen      total 19968K, used 18944K [0x00000000d5580000, 0x00000000d6c80000, 0x0000000100000000)
  eden space 18944K, 100% used [0x00000000d5580000,0x00000000d6800000,0x00000000d6800000)
  from space 1024K, 0% used [0x00000000d6a80000,0x00000000d6a80000,0x00000000d6b80000)
  to   space 1024K, 0% used [0x00000000d6b80000,0x00000000d6b80000,0x00000000d6c80000)
 ParOldGen       total 68608K, used 48272K [0x0000000080000000, 0x0000000084300000, 0x00000000d5580000)
  object space 68608K, 70% used [0x0000000080000000,0x0000000082f24268,0x0000000084300000)
 Metaspace       used 59840K, committed 61248K, reserved 1114112K
  class space    used 6563K, committed 7168K, reserved 1048576K
}
Event: 14.080 GC heap after
{Heap after GC invocations=37 (full 3):
 PSYoungGen      total 19968K, used 998K [0x00000000d5580000, 0x00000000d6f00000, 0x0000000100000000)
  eden space 18944K, 0% used [0x00000000d5580000,0x00000000d5580000,0x00000000d6800000)
  from space 1024K, 97% used [0x00000000d6b80000,0x00000000d6c79a68,0x00000000d6c80000)
  to   space 3584K, 0% used [0x00000000d6800000,0x00000000d6800000,0x00000000d6b80000)
 ParOldGen       total 68608K, used 50262K [0x0000000080000000, 0x0000000084300000, 0x00000000d5580000)
  object space 68608K, 73% used [0x0000000080000000,0x0000000083115ab0,0x0000000084300000)
 Metaspace       used 59840K, committed 61248K, reserved 1114112K
  class space    used 6563K, committed 7168K, reserved 1048576K
}
Event: 14.474 GC heap before
{Heap before GC invocations=38 (full 3):
 PSYoungGen      total 19968K, used 19934K [0x00000000d5580000, 0x00000000d6f00000, 0x0000000100000000)
  eden space 18944K, 99% used [0x00000000d5580000,0x00000000d67fe060,0x00000000d6800000)
  from space 1024K, 97% used [0x00000000d6b80000,0x00000000d6c79a68,0x00000000d6c80000)
  to   space 3584K, 0% used [0x00000000d6800000,0x00000000d6800000,0x00000000d6b80000)
 ParOldGen       total 68608K, used 50262K [0x0000000080000000, 0x0000000084300000, 0x00000000d5580000)
  object space 68608K, 73% used [0x0000000080000000,0x0000000083115ab0,0x0000000084300000)
 Metaspace       used 62041K, committed 63424K, reserved 1114112K
  class space    used 6770K, committed 7360K, reserved 1048576K
}
Event: 14.478 GC heap after
{Heap after GC invocations=38 (full 3):
 PSYoungGen      total 21504K, used 2095K [0x00000000d5580000, 0x00000000d6d00000, 0x0000000100000000)
  eden space 18944K, 0% used [0x00000000d5580000,0x00000000d5580000,0x00000000d6800000)
  from space 2560K, 81% used [0x00000000d6800000,0x00000000d6a0bee8,0x00000000d6a80000)
  to   space 2560K, 0% used [0x00000000d6a80000,0x00000000d6a80000,0x00000000d6d00000)
 ParOldGen       total 68608K, used 50726K [0x0000000080000000, 0x0000000084300000, 0x00000000d5580000)
  object space 68608K, 73% used [0x0000000080000000,0x0000000083189ab0,0x0000000084300000)
 Metaspace       used 62041K, committed 63424K, reserved 1114112K
  class space    used 6770K, committed 7360K, reserved 1048576K
}
Event: 14.698 GC heap before
{Heap before GC invocations=39 (full 3):
 PSYoungGen      total 21504K, used 21031K [0x00000000d5580000, 0x00000000d6d00000, 0x0000000100000000)
  eden space 18944K, 99% used [0x00000000d5580000,0x00000000d67fdd38,0x00000000d6800000)
  from space 2560K, 81% used [0x00000000d6800000,0x00000000d6a0bee8,0x00000000d6a80000)
  to   space 2560K, 0% used [0x00000000d6a80000,0x00000000d6a80000,0x00000000d6d00000)
 ParOldGen       total 68608K, used 50726K [0x0000000080000000, 0x0000000084300000, 0x00000000d5580000)
  object space 68608K, 73% used [0x0000000080000000,0x0000000083189ab0,0x0000000084300000)
 Metaspace       used 62949K, committed 64384K, reserved 1114112K
  class space    used 6870K, committed 7488K, reserved 1048576K
}
Event: 14.702 GC heap after
{Heap after GC invocations=39 (full 3):
 PSYoungGen      total 21504K, used 2103K [0x00000000d5580000, 0x00000000d6d00000, 0x0000000100000000)
  eden space 18944K, 0% used [0x00000000d5580000,0x00000000d5580000,0x00000000d6800000)
  from space 2560K, 82% used [0x00000000d6a80000,0x00000000d6c8dda8,0x00000000d6d00000)
  to   space 2560K, 0% used [0x00000000d6800000,0x00000000d6800000,0x00000000d6a80000)
 ParOldGen       total 68608K, used 52202K [0x0000000080000000, 0x0000000084300000, 0x00000000d5580000)
  object space 68608K, 76% used [0x0000000080000000,0x00000000832fa8d8,0x0000000084300000)
 Metaspace       used 62949K, committed 64384K, reserved 1114112K
  class space    used 6870K, committed 7488K, reserved 1048576K
}

Dll operation events (12 events):
Event: 0.014 Loaded shared library c:\Users\marce\.vscode\extensions\redhat.java-1.54.0-win32-x64\jre\21.0.10-win32-x86_64\bin\java.dll
Event: 0.087 Loaded shared library c:\Users\marce\.vscode\extensions\redhat.java-1.54.0-win32-x64\jre\21.0.10-win32-x86_64\bin\zip.dll
Event: 0.117 Loaded shared library C:\Users\marce\.vscode\extensions\redhat.java-1.54.0-win32-x64\jre\21.0.10-win32-x86_64\bin\instrument.dll
Event: 0.120 Loaded shared library C:\Users\marce\.vscode\extensions\redhat.java-1.54.0-win32-x64\jre\21.0.10-win32-x86_64\bin\net.dll
Event: 0.121 Loaded shared library C:\Users\marce\.vscode\extensions\redhat.java-1.54.0-win32-x64\jre\21.0.10-win32-x86_64\bin\nio.dll
Event: 0.123 Loaded shared library C:\Users\marce\.vscode\extensions\redhat.java-1.54.0-win32-x64\jre\21.0.10-win32-x86_64\bin\zip.dll
Event: 0.136 Loaded shared library C:\Users\marce\.vscode\extensions\redhat.java-1.54.0-win32-x64\jre\21.0.10-win32-x86_64\bin\jimage.dll
Event: 0.225 Loaded shared library c:\Users\marce\.vscode\extensions\redhat.java-1.54.0-win32-x64\jre\21.0.10-win32-x86_64\bin\verify.dll
Event: 1.827 Loaded shared library C:\Users\marce\AppData\Roaming\Code\User\globalStorage\redhat.java\1.54.0\config_win\org.eclipse.equinox.launcher\org.eclipse.equinox.launcher.win32.win32.x86_64_1.3.0.v20260203-2149\eclipse_11919.dll
Event: 5.460 Loaded shared library C:\Users\marce\AppData\Local\Temp\jna-103666240\jna14421963971032988261.dll
Event: 7.642 Loaded shared library C:\Users\marce\.vscode\extensions\redhat.java-1.54.0-win32-x64\jre\21.0.10-win32-x86_64\bin\sunmscapi.dll
Event: 7.920 Loaded shared library C:\Users\marce\.vscode\extensions\redhat.java-1.54.0-win32-x64\jre\21.0.10-win32-x86_64\bin\extnet.dll

Deoptimization events (20 events):
Event: 14.664 Thread 0x0000013e6d7d23a0 Uncommon trap: trap_request=0xffffffde fr.pc=0x0000013e193a56a4 relative=0x00000000000001e4
Event: 14.664 Thread 0x0000013e6d7d23a0 Uncommon trap: reason=class_check action=maybe_recompile pc=0x0000013e193a56a4 method=java.util.ArrayList.hashCodeRange(II)I @ 53 c2
Event: 14.664 Thread 0x0000013e6d7d23a0 DEOPT PACKING pc=0x0000013e193a56a4 sp=0x00000013929fd430
Event: 14.664 Thread 0x0000013e6d7d23a0 DEOPT UNPACKING pc=0x0000013e188c3aa2 sp=0x00000013929fd348 mode 2
Event: 14.665 Thread 0x0000013e6d7d23a0 Uncommon trap: trap_request=0xffffffde fr.pc=0x0000013e193a56a4 relative=0x00000000000001e4
Event: 14.665 Thread 0x0000013e6d7d23a0 Uncommon trap: reason=class_check action=maybe_recompile pc=0x0000013e193a56a4 method=java.util.ArrayList.hashCodeRange(II)I @ 53 c2
Event: 14.665 Thread 0x0000013e6d7d23a0 DEOPT PACKING pc=0x0000013e193a56a4 sp=0x00000013929fd2e0
Event: 14.665 Thread 0x0000013e6d7d23a0 DEOPT UNPACKING pc=0x0000013e188c3aa2 sp=0x00000013929fd1f8 mode 2
Event: 14.686 Thread 0x0000013e6d7d23a0 Uncommon trap: trap_request=0xffffff6e fr.pc=0x0000013e193f8544 relative=0x0000000000000304
Event: 14.686 Thread 0x0000013e6d7d23a0 Uncommon trap: reason=loop_limit_check action=maybe_recompile pc=0x0000013e193f8544 method=java.util.regex.Pattern$Start.match(Ljava/util/regex/Matcher;ILjava/lang/CharSequence;)Z @ 34 c2
Event: 14.686 Thread 0x0000013e6d7d23a0 DEOPT PACKING pc=0x0000013e193f8544 sp=0x00000013929fd4b0
Event: 14.686 Thread 0x0000013e6d7d23a0 DEOPT UNPACKING pc=0x0000013e188c3aa2 sp=0x00000013929fd3d0 mode 2
Event: 14.702 Thread 0x0000013e6f800170 Uncommon trap: trap_request=0xffffff45 fr.pc=0x0000013e1932cdc8 relative=0x0000000000000208
Event: 14.702 Thread 0x0000013e6f800170 Uncommon trap: reason=unstable_if action=reinterpret pc=0x0000013e1932cdc8 method=org.eclipse.jdt.internal.core.util.WeakHashSet.addValue(Lorg/eclipse/jdt/internal/core/util/WeakHashSet$HashableWeakReference;)V @ 6 c2
Event: 14.702 Thread 0x0000013e6f800170 DEOPT PACKING pc=0x0000013e1932cdc8 sp=0x00000013947fd960
Event: 14.702 Thread 0x0000013e6f800170 DEOPT UNPACKING pc=0x0000013e188c3aa2 sp=0x00000013947fd900 mode 2
Event: 14.714 Thread 0x0000013e6f800170 Uncommon trap: trap_request=0xffffff45 fr.pc=0x0000013e193569ec relative=0x000000000000016c
Event: 14.714 Thread 0x0000013e6f800170 Uncommon trap: reason=unstable_if action=reinterpret pc=0x0000013e193569ec method=org.eclipse.jdt.internal.core.util.WeakHashSet.cleanupGarbageCollectedValues()V @ 140 c2
Event: 14.714 Thread 0x0000013e6f800170 DEOPT PACKING pc=0x0000013e193569ec sp=0x00000013947fd9e0
Event: 14.714 Thread 0x0000013e6f800170 DEOPT UNPACKING pc=0x0000013e188c3aa2 sp=0x00000013947fd960 mode 2

Classes loaded (20 events):
Event: 10.857 Loading class java/nio/channels/NonWritableChannelException
Event: 10.857 Loading class java/nio/channels/NonWritableChannelException done
Event: 12.526 Loading class java/util/Hashtable$ValueCollection
Event: 12.526 Loading class java/util/Hashtable$ValueCollection done
Event: 12.629 Loading class java/nio/charset/CharacterCodingException
Event: 12.629 Loading class java/nio/charset/CharacterCodingException done
Event: 12.629 Loading class java/io/SequenceInputStream
Event: 12.629 Loading class java/io/SequenceInputStream done
Event: 12.710 Loading class java/util/WeakHashMap$KeyIterator
Event: 12.710 Loading class java/util/WeakHashMap$KeyIterator done
Event: 14.081 Loading class sun/security/ssl/Alert
Event: 14.081 Loading class sun/security/ssl/Alert done
Event: 14.082 Loading class sun/security/ssl/Alert$AlertConsumer
Event: 14.082 Loading class sun/security/ssl/Alert$AlertConsumer done
Event: 14.082 Loading class sun/security/ssl/Alert$Level
Event: 14.082 Loading class sun/security/ssl/Alert$Level done
Event: 14.104 Loading class java/util/Hashtable$KeySet
Event: 14.104 Loading class java/util/Hashtable$KeySet done
Event: 14.421 Loading class java/lang/UnsupportedClassVersionError
Event: 14.421 Loading class java/lang/UnsupportedClassVersionError done

Classes unloaded (7 events):
Event: 6.069 Thread 0x0000013e24cb4140 Unloading class 0x0000013e261a2c00 'java/lang/invoke/LambdaForm$MH+0x0000013e261a2c00'
Event: 6.069 Thread 0x0000013e24cb4140 Unloading class 0x0000013e261a2800 'java/lang/invoke/LambdaForm$MH+0x0000013e261a2800'
Event: 6.069 Thread 0x0000013e24cb4140 Unloading class 0x0000013e261a2400 'java/lang/invoke/LambdaForm$MH+0x0000013e261a2400'
Event: 6.069 Thread 0x0000013e24cb4140 Unloading class 0x0000013e261a2000 'java/lang/invoke/LambdaForm$MH+0x0000013e261a2000'
Event: 6.069 Thread 0x0000013e24cb4140 Unloading class 0x0000013e261a1c00 'java/lang/invoke/LambdaForm$BMH+0x0000013e261a1c00'
Event: 6.069 Thread 0x0000013e24cb4140 Unloading class 0x0000013e261a1800 'java/lang/invoke/LambdaForm$DMH+0x0000013e261a1800'
Event: 6.069 Thread 0x0000013e24cb4140 Unloading class 0x0000013e261a0400 'java/lang/invoke/LambdaForm$DMH+0x0000013e261a0400'

Classes redefined (0 events):
No events

Internal exceptions (20 events):
Event: 14.109 Thread 0x0000013e6d7d23a0 Exception <a 'java/io/FileNotFoundException'{0x00000000d57cebe8}> (0x00000000d57cebe8) 
thrown [s\src\hotspot\share\prims\jni.cpp, line 520]
Event: 14.110 Thread 0x0000013e6d7d23a0 Exception <a 'java/io/FileNotFoundException'{0x00000000d57cf940}> (0x00000000d57cf940) 
thrown [s\src\hotspot\share\prims\jni.cpp, line 520]
Event: 14.180 Thread 0x0000013e6d7d23a0 Exception <a 'sun/nio/fs/WindowsException'{0x00000000d5a93bb0}> (0x00000000d5a93bb0) 
thrown [s\src\hotspot\share\prims\jni.cpp, line 520]
Event: 14.180 Thread 0x0000013e6d7d23a0 Exception <a 'sun/nio/fs/WindowsException'{0x00000000d5a94408}> (0x00000000d5a94408) 
thrown [s\src\hotspot\share\prims\jni.cpp, line 520]
Event: 14.183 Thread 0x0000013e6d7d23a0 Exception <a 'sun/nio/fs/WindowsException'{0x00000000d5a95890}> (0x00000000d5a95890) 
thrown [s\src\hotspot\share\prims\jni.cpp, line 520]
Event: 14.183 Thread 0x0000013e6d7d23a0 Exception <a 'sun/nio/fs/WindowsException'{0x00000000d5a960e8}> (0x00000000d5a960e8) 
thrown [s\src\hotspot\share\prims\jni.cpp, line 520]
Event: 14.203 Thread 0x0000013e6d7d23a0 Exception <a 'java/io/FileNotFoundException'{0x00000000d5b28a70}> (0x00000000d5b28a70) 
thrown [s\src\hotspot\share\prims\jni.cpp, line 520]
Event: 14.204 Thread 0x0000013e6d7d23a0 Exception <a 'java/io/FileNotFoundException'{0x00000000d5b297f0}> (0x00000000d5b297f0) 
thrown [s\src\hotspot\share\prims\jni.cpp, line 520]
Event: 14.219 Thread 0x0000013e6d7d23a0 Exception <a 'sun/nio/fs/WindowsException'{0x00000000d5c1b3b8}> (0x00000000d5c1b3b8) 
thrown [s\src\hotspot\share\prims\jni.cpp, line 520]
Event: 14.219 Thread 0x0000013e6d7d23a0 Exception <a 'sun/nio/fs/WindowsException'{0x00000000d5c1bc10}> (0x00000000d5c1bc10) 
thrown [s\src\hotspot\share\prims\jni.cpp, line 520]
Event: 14.249 Thread 0x0000013e6da26310 Exception <a 'java/lang/IncompatibleClassChangeError'{0x00000000d5d2b508}: Found class java.lang.Object, but interface was expected> (0x00000000d5d2b508) 
thrown [s\src\hotspot\share\interpreter\linkResolver.cpp, line 840]
Event: 14.251 Thread 0x0000013e6da26310 Exception <a 'java/lang/IncompatibleClassChangeError'{0x00000000d5d35238}: Found class java.lang.Object, but interface was expected> (0x00000000d5d35238) 
thrown [s\src\hotspot\share\interpreter\linkResolver.cpp, line 840]
Event: 14.254 Thread 0x0000013e6da26310 Exception <a 'java/lang/IncompatibleClassChangeError'{0x00000000d5d3f0f0}: Found class java.lang.Object, but interface was expected> (0x00000000d5d3f0f0) 
thrown [s\src\hotspot\share\interpreter\linkResolver.cpp, line 840]
Event: 14.315 Thread 0x0000013e6d7d5820 Exception <a 'sun/nio/fs/WindowsException'{0x00000000d623a9a0}> (0x00000000d623a9a0) 
thrown [s\src\hotspot\share\prims\jni.cpp, line 520]
Event: 14.315 Thread 0x0000013e6d7d5820 Exception <a 'sun/nio/fs/WindowsException'{0x00000000d623fa18}> (0x00000000d623fa18) 
thrown [s\src\hotspot\share\prims\jni.cpp, line 520]
Event: 14.331 Thread 0x0000013e6d7d5820 Exception <a 'sun/nio/fs/WindowsException'{0x00000000d629de68}> (0x00000000d629de68) 
thrown [s\src\hotspot\share\prims\jni.cpp, line 520]
Event: 14.331 Thread 0x0000013e6d7d5820 Exception <a 'sun/nio/fs/WindowsException'{0x00000000d62a7488}> (0x00000000d62a7488) 
thrown [s\src\hotspot\share\prims\jni.cpp, line 520]
Event: 14.376 Thread 0x0000013e6d7d5820 Exception <a 'java/lang/NoSuchMethodError'{0x00000000d6449a70}: method resolution failed> (0x00000000d6449a70) 
thrown [s\src\hotspot\share\prims\methodHandles.cpp, line 1136]
Event: 14.453 Thread 0x0000013e6f800170 Exception <a 'java/lang/NoSuchMethodError'{0x00000000d6730f90}: 'int java.lang.invoke.Invokers$Holder.invokeExact_MT(java.lang.Object, java.lang.Object)'> (0x00000000d6730f90) 
thrown [s\src\hotspot\share\interpreter\linkResolver.cpp, line 773]
Event: 14.563 Thread 0x0000013e6f804310 Exception <a 'java/lang/NoSuchMethodError'{0x00000000d5924c78}: 'java.lang.Object java.lang.invoke.DirectMethodHandle$Holder.invokeStaticInit(java.lang.Object, java.lang.Object, java.lang.Object)'> (0x00000000d5924c78) 
thrown [s\src\hotspot\share\interpreter\linkResolver.cpp, line 773]

ZGC Phase Switch (0 events):
No events

VM Operations (20 events):
Event: 12.438 Executing safepoint VM operation: ParallelGCFailedAllocation (Allocation Failure)
Event: 12.439 Executing safepoint VM operation: ParallelGCFailedAllocation (Allocation Failure) done
Event: 12.648 Executing safepoint VM operation: CollectForMetadataAllocation (Metadata GC Threshold)
Event: 12.702 Executing safepoint VM operation: CollectForMetadataAllocation (Metadata GC Threshold) done
Event: 12.801 Executing non-safepoint VM operation: HandshakeAllThreads (Deoptimize)
Event: 12.801 Executing non-safepoint VM operation: HandshakeAllThreads (Deoptimize) done
Event: 12.939 Executing safepoint VM operation: ICBufferFull
Event: 12.940 Executing safepoint VM operation: ICBufferFull done
Event: 13.047 Executing safepoint VM operation: ParallelGCFailedAllocation (Allocation Failure)
Event: 14.080 Executing safepoint VM operation: ParallelGCFailedAllocation (Allocation Failure) done
Event: 14.251 Executing non-safepoint VM operation: HandshakeAllThreads (Deoptimize)
Event: 14.251 Executing non-safepoint VM operation: HandshakeAllThreads (Deoptimize) done
Event: 14.415 Executing safepoint VM operation: ICBufferFull
Event: 14.417 Executing safepoint VM operation: ICBufferFull done
Event: 14.474 Executing safepoint VM operation: ParallelGCFailedAllocation (Allocation Failure)
Event: 14.478 Executing safepoint VM operation: ParallelGCFailedAllocation (Allocation Failure) done
Event: 14.632 Executing non-safepoint VM operation: HandshakeAllThreads (Deoptimize)
Event: 14.644 Executing non-safepoint VM operation: HandshakeAllThreads (Deoptimize) done
Event: 14.695 Executing safepoint VM operation: ParallelGCFailedAllocation (Allocation Failure)
Event: 14.702 Executing safepoint VM operation: ParallelGCFailedAllocation (Allocation Failure) done

Memory protections (0 events):
No events

Nmethod flushes (20 events):
Event: 12.675 Thread 0x0000013e24cb4140 flushing  nmethod 0x0000013e11cec410
Event: 12.675 Thread 0x0000013e24cb4140 flushing  nmethod 0x0000013e11ced710
Event: 12.675 Thread 0x0000013e24cb4140 flushing  nmethod 0x0000013e11cf2210
Event: 12.675 Thread 0x0000013e24cb4140 flushing  nmethod 0x0000013e11cf8a10
Event: 12.675 Thread 0x0000013e24cb4140 flushing  nmethod 0x0000013e11cfb290
Event: 12.675 Thread 0x0000013e24cb4140 flushing  nmethod 0x0000013e11cfeb90
Event: 12.675 Thread 0x0000013e24cb4140 flushing  nmethod 0x0000013e11d03d90
Event: 12.675 Thread 0x0000013e24cb4140 flushing  nmethod 0x0000013e11d05710
Event: 12.675 Thread 0x0000013e24cb4140 flushing  nmethod 0x0000013e11d34c90
Event: 12.675 Thread 0x0000013e24cb4140 flushing osr nmethod 0x0000013e11d70e90
Event: 12.675 Thread 0x0000013e24cb4140 flushing  nmethod 0x0000013e11d9f390
Event: 12.675 Thread 0x0000013e24cb4140 flushing  nmethod 0x0000013e11dba790
Event: 12.675 Thread 0x0000013e24cb4140 flushing  nmethod 0x0000013e11dd4910
Event: 12.675 Thread 0x0000013e24cb4140 flushing  nmethod 0x0000013e11dd4f10
Event: 12.675 Thread 0x0000013e24cb4140 flushing  nmethod 0x0000013e11dd5790
Event: 12.675 Thread 0x0000013e24cb4140 flushing  nmethod 0x0000013e11dd5e90
Event: 12.675 Thread 0x0000013e24cb4140 flushing  nmethod 0x0000013e11dd8190
Event: 12.675 Thread 0x0000013e24cb4140 flushing  nmethod 0x0000013e11df7110
Event: 12.675 Thread 0x0000013e24cb4140 flushing  nmethod 0x0000013e11e63690
Event: 12.675 Thread 0x0000013e24cb4140 flushing  nmethod 0x0000013e11ebf890

Events (20 events):
Event: 8.922 Thread 0x0000013e6f800e90 Thread added: 0x0000013e6f804310
Event: 8.923 Thread 0x0000013e6f800800 Thread added: 0x0000013e6f807100
Event: 8.923 Thread 0x0000013e6f804310 Thread added: 0x0000013e6f805d50
Event: 8.923 Thread 0x0000013e6f807100 Thread added: 0x0000013e6f807790
Event: 8.923 Thread 0x0000013e6f805d50 Thread added: 0x0000013e6f8049a0
Event: 9.123 Thread 0x0000013e6707a490 Thread added: 0x0000013e67079dc0
Event: 9.218 Thread 0x0000013e6707a490 Thread added: 0x0000013e6707ab60
Event: 9.615 Thread 0x0000013e6707a490 Thread added: 0x0000013e6707b230
Event: 9.680 Thread 0x0000013e0e2d22b0 Thread added: 0x0000013e67077bb0
Event: 10.032 Thread 0x0000013e6d7d4470 Thread added: 0x0000013e6f805030
Event: 10.286 Thread 0x0000013e67078950 Thread added: 0x0000013e67078280
Event: 10.334 Thread 0x0000013e6f805030 Thread exited: 0x0000013e6f805030
Event: 11.004 Thread 0x0000013e67078950 Thread added: 0x0000013e715a7680
Event: 12.281 Thread 0x0000013e715a7680 Thread exited: 0x0000013e715a7680
Event: 12.503 Thread 0x0000013e67078280 Thread exited: 0x0000013e67078280
Event: 12.925 Thread 0x0000013e6707b230 Thread added: 0x0000013e715a46d0
Event: 14.080 Thread 0x0000013e6707b230 Thread exited: 0x0000013e6707b230
Event: 14.080 Thread 0x0000013e6707ab60 Thread exited: 0x0000013e6707ab60
Event: 14.087 Thread 0x0000013e67078950 Thread exited: 0x0000013e67078950
Event: 14.116 Thread 0x0000013e6707a490 Thread added: 0x0000013e715a8420


Dynamic libraries:
0x00007ff7730a0000 - 0x00007ff7730ae000 	c:\Users\marce\.vscode\extensions\redhat.java-1.54.0-win32-x64\jre\21.0.10-win32-x86_64\bin\java.exe
0x00007ffe68000000 - 0x00007ffe68267000 	C:\WINDOWS\SYSTEM32\ntdll.dll
0x00007ffe668d0000 - 0x00007ffe66999000 	C:\WINDOWS\System32\KERNEL32.DLL
0x00007ffe64f20000 - 0x00007ffe65317000 	C:\WINDOWS\System32\KERNELBASE.dll
0x00007ffe2f780000 - 0x00007ffe2f79e000 	c:\Users\marce\.vscode\extensions\redhat.java-1.54.0-win32-x64\jre\21.0.10-win32-x86_64\bin\VCRUNTIME140.dll
0x00007ffe30440000 - 0x00007ffe30458000 	c:\Users\marce\.vscode\extensions\redhat.java-1.54.0-win32-x64\jre\21.0.10-win32-x86_64\bin\jli.dll
0x00007ffe64d20000 - 0x00007ffe64e6b000 	C:\WINDOWS\System32\ucrtbase.dll
0x00007ffe66530000 - 0x00007ffe666f6000 	C:\WINDOWS\System32\USER32.dll
0x00007ffe4b0d0000 - 0x00007ffe4b362000 	C:\WINDOWS\WinSxS\amd64_microsoft.windows.common-controls_6595b64144ccf1df_6.0.26100.8457_none_3e0b2faee331e92d\COMCTL32.dll
0x00007ffe661b0000 - 0x00007ffe66259000 	C:\WINDOWS\System32\msvcrt.dll
0x00007ffe65d50000 - 0x00007ffe65d77000 	C:\WINDOWS\System32\win32u.dll
0x00007ffe65d80000 - 0x00007ffe65dab000 	C:\WINDOWS\System32\GDI32.dll
0x00007ffe65b90000 - 0x00007ffe65cbc000 	C:\WINDOWS\System32\gdi32full.dll
0x00007ffe64e70000 - 0x00007ffe64f13000 	C:\WINDOWS\System32\msvcp_win.dll
0x00007ffe67010000 - 0x00007ffe67042000 	C:\WINDOWS\System32\IMM32.DLL
0x00007ffe5eb00000 - 0x00007ffe5eb0c000 	c:\Users\marce\.vscode\extensions\redhat.java-1.54.0-win32-x64\jre\21.0.10-win32-x86_64\bin\vcruntime140_1.dll
0x00007ffde5420000 - 0x00007ffde54ad000 	c:\Users\marce\.vscode\extensions\redhat.java-1.54.0-win32-x64\jre\21.0.10-win32-x86_64\bin\msvcp140.dll
0x00007ffd9c070000 - 0x00007ffd9ce11000 	c:\Users\marce\.vscode\extensions\redhat.java-1.54.0-win32-x64\jre\21.0.10-win32-x86_64\bin\server\jvm.dll
0x00007ffe66eb0000 - 0x00007ffe66f66000 	C:\WINDOWS\System32\ADVAPI32.dll
0x00007ffe67200000 - 0x00007ffe672a7000 	C:\WINDOWS\System32\sechost.dll
0x00007ffe66d40000 - 0x00007ffe66e58000 	C:\WINDOWS\System32\RPCRT4.dll
0x00007ffe660a0000 - 0x00007ffe66120000 	C:\WINDOWS\System32\WS2_32.dll
0x00007ffe59080000 - 0x00007ffe590b6000 	C:\WINDOWS\SYSTEM32\WINMM.dll
0x00007ffe635f0000 - 0x00007ffe6364e000 	C:\WINDOWS\SYSTEM32\POWRPROF.dll
0x00007ffe5a300000 - 0x00007ffe5a30b000 	C:\WINDOWS\SYSTEM32\VERSION.dll
0x00007ffe635d0000 - 0x00007ffe635e4000 	C:\WINDOWS\SYSTEM32\UMPDC.dll
0x00007ffe638a0000 - 0x00007ffe638bb000 	C:\WINDOWS\SYSTEM32\kernel.appcore.dll
0x00007ffe5e2a0000 - 0x00007ffe5e2aa000 	c:\Users\marce\.vscode\extensions\redhat.java-1.54.0-win32-x64\jre\21.0.10-win32-x86_64\bin\jimage.dll
0x00007ffe623f0000 - 0x00007ffe62632000 	C:\WINDOWS\SYSTEM32\DBGHELP.DLL
0x00007ffe669a0000 - 0x00007ffe66d23000 	C:\WINDOWS\System32\combase.dll
0x00007ffe667f0000 - 0x00007ffe668c9000 	C:\WINDOWS\System32\OLEAUT32.dll
0x00007ffe4ad40000 - 0x00007ffe4ad7b000 	C:\WINDOWS\SYSTEM32\dbgcore.DLL
0x00007ffe64af0000 - 0x00007ffe64b98000 	C:\WINDOWS\System32\bcryptPrimitives.dll
0x00007ffe58fd0000 - 0x00007ffe58fdf000 	c:\Users\marce\.vscode\extensions\redhat.java-1.54.0-win32-x64\jre\21.0.10-win32-x86_64\bin\instrument.dll
0x00007ffe2f760000 - 0x00007ffe2f780000 	c:\Users\marce\.vscode\extensions\redhat.java-1.54.0-win32-x64\jre\21.0.10-win32-x86_64\bin\java.dll
0x00007ffe67840000 - 0x00007ffe67fae000 	C:\WINDOWS\System32\SHELL32.dll
0x00007ffe65320000 - 0x00007ffe65b8c000 	C:\WINDOWS\System32\windows.storage.dll
0x00007ffe67740000 - 0x00007ffe67836000 	C:\WINDOWS\System32\SHCORE.dll
0x00007ffe66fa0000 - 0x00007ffe67006000 	C:\WINDOWS\System32\shlwapi.dll
0x00007ffe64950000 - 0x00007ffe64979000 	C:\WINDOWS\SYSTEM32\profapi.dll
0x00007ffe2f110000 - 0x00007ffe2f128000 	c:\Users\marce\.vscode\extensions\redhat.java-1.54.0-win32-x64\jre\21.0.10-win32-x86_64\bin\zip.dll
0x00007ffe51a40000 - 0x00007ffe51a50000 	C:\Users\marce\.vscode\extensions\redhat.java-1.54.0-win32-x64\jre\21.0.10-win32-x86_64\bin\net.dll
0x00007ffe5e670000 - 0x00007ffe5e799000 	C:\WINDOWS\SYSTEM32\WINHTTP.dll
0x00007ffe63df0000 - 0x00007ffe63e5c000 	C:\WINDOWS\system32\mswsock.dll
0x00007ffe2efa0000 - 0x00007ffe2efb6000 	C:\Users\marce\.vscode\extensions\redhat.java-1.54.0-win32-x64\jre\21.0.10-win32-x86_64\bin\nio.dll
0x00007ffe4b610000 - 0x00007ffe4b620000 	c:\Users\marce\.vscode\extensions\redhat.java-1.54.0-win32-x64\jre\21.0.10-win32-x86_64\bin\verify.dll
0x00007ffe18160000 - 0x00007ffe181a5000 	C:\Users\marce\AppData\Roaming\Code\User\globalStorage\redhat.java\1.54.0\config_win\org.eclipse.equinox.launcher\org.eclipse.equinox.launcher.win32.win32.x86_64_1.3.0.v20260203-2149\eclipse_11919.dll
0x00007ffe67050000 - 0x00007ffe671e7000 	C:\WINDOWS\System32\ole32.dll
0x00007ffe641f0000 - 0x00007ffe6420b000 	C:\WINDOWS\SYSTEM32\CRYPTSP.dll
0x00007ffe63800000 - 0x00007ffe63839000 	C:\WINDOWS\system32\rsaenh.dll
0x00007ffe63ea0000 - 0x00007ffe63ed3000 	C:\WINDOWS\SYSTEM32\USERENV.dll
0x00007ffe64920000 - 0x00007ffe6494a000 	C:\WINDOWS\SYSTEM32\bcrypt.dll
0x00007ffe64050000 - 0x00007ffe6405c000 	C:\WINDOWS\SYSTEM32\CRYPTBASE.dll
0x00007ffe632b0000 - 0x00007ffe632e2000 	C:\WINDOWS\SYSTEM32\IPHLPAPI.DLL
0x00007ffe671f0000 - 0x00007ffe671fa000 	C:\WINDOWS\System32\NSI.dll
0x00007ffe111c0000 - 0x00007ffe11209000 	C:\Users\marce\AppData\Local\Temp\jna-103666240\jna14421963971032988261.dll
0x00007ffe667e0000 - 0x00007ffe667e8000 	C:\WINDOWS\System32\PSAPI.DLL
0x00007ffe5e850000 - 0x00007ffe5e86d000 	C:\WINDOWS\SYSTEM32\dhcpcsvc6.DLL
0x00007ffe5e820000 - 0x00007ffe5e845000 	C:\WINDOWS\SYSTEM32\dhcpcsvc.DLL
0x00007ffe39e30000 - 0x00007ffe39e3e000 	C:\Users\marce\.vscode\extensions\redhat.java-1.54.0-win32-x64\jre\21.0.10-win32-x86_64\bin\sunmscapi.dll
0x00007ffe64ba0000 - 0x00007ffe64d18000 	C:\WINDOWS\System32\CRYPT32.dll
0x00007ffe64350000 - 0x00007ffe64380000 	C:\WINDOWS\SYSTEM32\ncrypt.dll
0x00007ffe64300000 - 0x00007ffe6433f000 	C:\WINDOWS\SYSTEM32\NTASN1.dll
0x00007ffe632f0000 - 0x00007ffe63422000 	C:\WINDOWS\SYSTEM32\DNSAPI.dll
0x00007ffe5ce90000 - 0x00007ffe5ce9b000 	C:\Windows\System32\rasadhlp.dll
0x00007ffe5f410000 - 0x00007ffe5f496000 	C:\WINDOWS\System32\fwpuclnt.dll
0x00007ffe385d0000 - 0x00007ffe385d9000 	C:\Users\marce\.vscode\extensions\redhat.java-1.54.0-win32-x64\jre\21.0.10-win32-x86_64\bin\extnet.dll

JVMTI agents:
c:\Users\marce\.vscode\extensions\redhat.java-1.54.0-win32-x64\lombok\lombok-1.18.39-4050.jar path:c:\Users\marce\.vscode\extensions\redhat.java-1.54.0-win32-x64\jre\21.0.10-win32-x86_64\bin\instrument.dll, loaded, initialized, instrumentlib options:none

dbghelp: loaded successfully - version: 4.0.5 - missing functions: none
symbol engine: initialized successfully - sym options: 0x614 - pdb path: .;c:\Users\marce\.vscode\extensions\redhat.java-1.54.0-win32-x64\jre\21.0.10-win32-x86_64\bin;C:\WINDOWS\SYSTEM32;C:\WINDOWS\WinSxS\amd64_microsoft.windows.common-controls_6595b64144ccf1df_6.0.26100.8457_none_3e0b2faee331e92d;c:\Users\marce\.vscode\extensions\redhat.java-1.54.0-win32-x64\jre\21.0.10-win32-x86_64\bin\server;C:\Users\marce\AppData\Roaming\Code\User\globalStorage\redhat.java\1.54.0\config_win\org.eclipse.equinox.launcher\org.eclipse.equinox.launcher.win32.win32.x86_64_1.3.0.v20260203-2149;C:\Users\marce\AppData\Local\Temp\jna-103666240

VM Arguments:
jvm_args: --add-modules=ALL-SYSTEM --add-opens=java.base/java.util=ALL-UNNAMED --add-opens=java.base/java.lang=ALL-UNNAMED --add-opens=java.base/sun.nio.fs=ALL-UNNAMED -Declipse.application=org.eclipse.jdt.ls.core.id1 -Dosgi.bundles.defaultStartLevel=4 -Declipse.product=org.eclipse.jdt.ls.core.product -Djava.import.generatesMetadataFilesAtProjectRoot=false -DDetectVMInstallationsJob.disabled=true -Dfile.encoding=utf8 -XX:+UseParallelGC -XX:GCTimeRatio=4 -XX:AdaptiveSizePolicyWeight=90 -Dsun.zip.disableMemoryMapping=true -Xmx2G -Xms100m -Xlog:disable -javaagent:c:\Users\marce\.vscode\extensions\redhat.java-1.54.0-win32-x64\lombok\lombok-1.18.39-4050.jar -XX:+HeapDumpOnOutOfMemoryError -XX:HeapDumpPath=c:\Users\marce\AppData\Roaming\Code\User\workspaceStorage\00e02c7704aa8fe02dec3299a2166fa8\redhat.java -Daether.dependencyCollector.impl=bf 
java_command: c:\Users\marce\.vscode\extensions\redhat.java-1.54.0-win32-x64\server\plugins\org.eclipse.equinox.launcher_1.7.100.v20251111-0406.jar -configuration c:\Users\marce\AppData\Roaming\Code\User\globalStorage\redhat.java\1.54.0\config_win -data c:\Users\marce\AppData\Roaming\Code\User\workspaceStorage\00e02c7704aa8fe02dec3299a2166fa8\redhat.java\jdt_ws --pipe=\\.\pipe\lsp-4ce9376dd074c0a381d3e737f54bc896-sock
java_class_path (initial): c:\Users\marce\.vscode\extensions\redhat.java-1.54.0-win32-x64\server\plugins\org.eclipse.equinox.launcher_1.7.100.v20251111-0406.jar
Launcher Type: SUN_STANDARD

[Global flags]
    uintx AdaptiveSizePolicyWeight                 = 90                                        {product} {command line}
     intx CICompilerCount                          = 12                                        {product} {ergonomic}
    uintx GCTimeRatio                              = 4                                         {product} {command line}
     bool HeapDumpOnOutOfMemoryError               = true                                   {manageable} {command line}
    ccstr HeapDumpPath                             = c:\Users\marce\AppData\Roaming\Code\User\workspaceStorage\00e02c7704aa8fe02dec3299a2166fa8\redhat.java         {manageable} {command line}
   size_t InitialHeapSize                          = 104857600                                 {product} {command line}
   size_t MaxHeapSize                              = 2147483648                                {product} {command line}
   size_t MaxNewSize                               = 715653120                                 {product} {ergonomic}
   size_t MinHeapDeltaBytes                        = 524288                                    {product} {ergonomic}
   size_t MinHeapSize                              = 104857600                                 {product} {command line}
   size_t NewSize                                  = 34603008                                  {product} {ergonomic}
    uintx NonNMethodCodeHeapSize                   = 7602480                                {pd product} {ergonomic}
    uintx NonProfiledCodeHeapSize                  = 122027880                              {pd product} {ergonomic}
   size_t OldSize                                  = 70254592                                  {product} {ergonomic}
    uintx ProfiledCodeHeapSize                     = 122027880                              {pd product} {ergonomic}
    uintx ReservedCodeCacheSize                    = 251658240                              {pd product} {ergonomic}
     bool SegmentedCodeCache                       = true                                      {product} {ergonomic}
   size_t SoftMaxHeapSize                          = 2147483648                             {manageable} {ergonomic}
     bool UseCompressedOops                        = true                           {product lp64_product} {ergonomic}
     bool UseLargePagesIndividualAllocation        = false                                  {pd product} {ergonomic}
     bool UseParallelGC                            = true                                      {product} {command line}

Logging:
Log output configuration:
 #0: stdout all=off uptime,level,tags foldmultilines=false
 #1: stderr all=off uptime,level,tags foldmultilines=false

Release file:
JAVA_VERSION="21.0.10" 
MODULES="java.base java.compiler java.datatransfer java.xml java.prefs java.desktop java.instrument java.logging java.management java.security.sasl java.naming java.rmi java.management.rmi java.net.http java.scripting java.security.jgss java.transaction.xa java.sql java.sql.rowset java.xml.crypto java.se java.smartcardio jdk.accessibility jdk.internal.jvmstat jdk.attach jdk.charsets jdk.internal.opt jdk.zipfs jdk.compiler jdk.crypto.ec jdk.crypto.cryptoki jdk.crypto.mscapi jdk.dynalink jdk.internal.ed jdk.editpad jdk.hotspot.agent jdk.httpserver jdk.internal.le jdk.internal.vm.ci jdk.internal.vm.compiler jdk.internal.vm.compiler.management jdk.jartool jdk.javadoc jdk.jcmd jdk.management jdk.management.agent jdk.jconsole jdk.jdeps jdk.jdwp.agent jdk.jdi jdk.jfr jdk.jshell jdk.jsobject jdk.jstatd jdk.localedata jdk.management.jfr jdk.naming.dns jdk.naming.rmi jdk.net jdk.nio.mapmode jdk.random jdk.sctp jdk.security.auth jdk.security.jgss jdk.unsupported jdk.unsupported.desktop jdk.xml.dom" 

Environment Variables:
PATH=C:\Users\marce\AppData\Local\Programs\Microsoft VS Code;C:\oracleXE\dbhomeXE\bin;C:\Program Files\Common Files\Oracle\Java\javapath;C:\Program Files (x86)\Common Files\Oracle\Java\java8path;C:\Program Files (x86)\Common Files\Oracle\Java\javapath;C:\WINDOWS\system32;C:\WINDOWS;C:\WINDOWS\System32\Wbem;C:\WINDOWS\System32\WindowsPowerShell\v1.0\;C:\WINDOWS\System32\OpenSSH\;C:\Program Files\Git\cmd;C:\Program Files (x86)\Microsoft SQL Server\170\Tools\Binn\;C:\Program Files\Microsoft SQL Server\170\Tools\Binn\;C:\Program Files\Microsoft SQL Server\Client SDK\ODBC\180\Tools\Binn\;C:\Program Files\Microsoft SQL Server\170\DTS\Binn\;C:\Program Files\Docker\Docker\resources\bin;C:\Users\marce\AppData\Local\Microsoft\WindowsApps;C:\Users\marce\AppData\Local\Programs\IntelliJ IDEA 2025.2.2\bin;C:\Users\marce\AppData\Local\Programs\Microsoft VS Code\bin
USERNAME=marce
OS=Windows_NT
PROCESSOR_IDENTIFIER=Intel64 Family 6 Model 154 Stepping 3, GenuineIntel
TMP=C:\Users\marce\AppData\Local\Temp
TEMP=C:\Users\marce\AppData\Local\Temp




Periodic native trim disabled

---------------  S Y S T E M  ---------------

OS:
 Windows 11 , 64 bit Build 26100 (10.0.26100.8328)
OS uptime: 5 days 10:53 hours
Hyper-V role detected

CPU: total 16 (initial active 16) (8 cores per cpu, 2 threads per core) family 6 model 154 stepping 3 microcode 0x434, cx8, cmov, fxsr, ht, mmx, 3dnowpref, sse, sse2, sse3, ssse3, sse4.1, sse4.2, popcnt, lzcnt, tsc, tscinvbit, avx, avx2, aes, erms, clmul, bmi1, bmi2, adx, sha, fma, vzeroupper, clflush, clflushopt, clwb, hv, serialize, rdtscp, rdpid, fsrm, f16c, cet_ibt, cet_ss
Processor Information for the first 16 processors :
  Max Mhz: 2500, Current Mhz: 2500, Mhz Limit: 2500

Memory: 4k page, system-wide physical 7811M (884M free)
TotalPageFile size 31363M (AvailPageFile size 68M)
current process WorkingSet (physical memory assigned to process): 295M, peak: 297M
current process commit charge ("private bytes"): 403M, peak: 407M

vm_info: OpenJDK 64-Bit Server VM (21.0.10+7-LTS) for windows-amd64 JRE (21.0.10+7-LTS), built on 2026-01-20T00:00:00Z by "admin" with MS VC++ 17.12 (VS2022)

END.
